// Jest Snapshot v1, https://goo.gl/fbAQLP

exports[`should render Header correctly 1`] = `
<GridWrapper
  align="center"
  className="header"
  container={true}
  direction="column"
>
  <GridWrapper
    item={true}
    xs={12}
  >
    <header>
      <div>
        <h1
          className="header__tittle"
        >
          Beer list
        </h1>
        <h2
          className="header__subtitle"
        >
          What will be your future beer?
        </h2>
      </div>
    </header>
  </GridWrapper>
</GridWrapper>
`;
